../Core/Src/main.c:81:6:motorBreak	8	static
../Core/Src/main.c:88:6:motorForward	8	static
../Core/Src/main.c:95:6:motorRevers	8	static
../Core/Src/main.c:108:5:main	8	static
../Core/Src/main.c:203:6:SystemClock_Config	80	static
../Core/Src/main.c:244:13:MX_ADC_Init	24	static
../Core/Src/main.c:314:13:MX_TIM1_Init	32	static
../Core/Src/main.c:360:13:MX_TIM3_Init	64	static
../Core/Src/main.c:419:13:MX_GPIO_Init	48	static
../Core/Src/main.c:502:6:HAL_GPIO_EXTI_Callback	16	static
../Core/Src/main.c:540:6:Error_Handler	8	static,ignoring_inline_asm
