../Core/Src/main.c:78:6:HAL_TIM_PeriodElapsedCallback	16	static
../Core/Src/main.c:86:6:motorBreak	8	static
../Core/Src/main.c:93:6:motorRevers	8	static
../Core/Src/main.c:100:6:motorRotationRight	8	static
../Core/Src/main.c:107:6:motorRotationLeft	8	static
../Core/Src/main.c:114:6:motorForward	8	static
../Core/Src/main.c:127:5:main	8	static
../Core/Src/main.c:246:6:SystemClock_Config	80	static
../Core/Src/main.c:287:13:MX_ADC_Init	24	static
../Core/Src/main.c:357:13:MX_TIM1_Init	32	static
../Core/Src/main.c:403:13:MX_TIM3_Init	32	static
../Core/Src/main.c:448:13:MX_GPIO_Init	48	static
../Core/Src/main.c:543:6:HAL_GPIO_EXTI_Callback	16	static
../Core/Src/main.c:581:6:Error_Handler	8	static,ignoring_inline_asm
